1 2
333333333 666666666 1000000000 1333333333 1666666666 2000000000 2333333333
145852338 259612716 314817258 501663240 646419826 751331137 911803212 1016363776 1143191852 1169061978
