4335 9455 4575 9989
0 4849 919 8350
1858 3056 2107 5348
839 634 2369 1718
1 542 4281 599
6318 6342 6573 9188
6736 635 8664 1791
990 1719 1856 5665
8220 6217 9737 7649
5679 578 7454 595
2370 599 4434 3277
501 9298 1399 9483
6662 4092 9999 5386
2305 8160 4783 8283
6714 8481 6752 8679
2299 5479 4784 6556
3729 4099 4684 5379
9621 9617 9922 9893
241 599 1961 633
5541 5937 5850 9984
6933 1987 7407 3729
2144 2447 2365 3234
8464 5388 9951 6141
4787 6006 5541 9961
0 8351 1495 9298
2205 4078 3454 5479
7172 7477 8097 9802
922 7667 2299 8351
5124 2218 6818 3510
2549 8283 4335 9999
5864 5935 5983 7652
6698 7756 7065 8384
4784 5386 8463 5935
5675 610 6736 2194
4434 578 5675 1991
1 665 835 4848
4684 3510 6662 5386
4435 1991 5108 3495
8712 4 9999 3049
7407 3049 9999 4092
4330 0 8711 578
8136 7872 9116 9353
919 5665 2299 7666
2299 6556 4787 8160
6914 8751 7162 9352
2568 3277 4175 3624
8148 9851 8992 9872
7173 6501 8064 7050
1 0 4329 542
919 1719 990 5663
6662 3747 7365 4087
1496 8352 2549 10000
