Yes
2 5 4
6 1 3
No
Yes
1 19 13 18 14 21 17 22
5 9 10 2 20 16 15 23
7 12 11 4 3 8 24 6
No
No
Yes
1 2 3 6 7 9 11 13 14 17 18 19 21
5 8 15 16 25 24 35 32 10 4 20 12 30
22 23 26 27 28 29 31 33 34 36 37 38 39
