Yes
1 2
3 4
No
Yes
22 9 31 11 33 32
23 10 2 25 3 19
20 21 8 1 30 13
36 29 16 17 24 7
12 35 27 14 18 34
26 6 28 15 5 4
