1 1
1 4
3 1
1 1
1 2
0 1
2 3
1 0
2 1
23788 266832127
