715162883
838096208
930330061
405079896
880764907
526006962
